// Vitest Snapshot v1, https://vitest.dev/guide/snapshot.html

exports[`lesson mode golden regression > keeps lesson mode API output stable for 12 golden inputs 1`] = `
[
  {
    "lessonJson": {
      "blocks": [],
      "description": "Golden lesson for 201-1A",
      "id": "201-1A",
      "layout": "split-vis",
      "learningOutcomes": [
        "LO-test",
      ],
      "metadata": {
        "author": "golden-test",
        "created": "2026-02-12",
        "generationScore": 91,
        "generationScoreDetails": {
          "finalScore": 91,
          "generatedAt": "<generated-at>",
          "originalScore": 89,
          "source": "phase10-13",
          "wasRefined": true,
        },
        "updated": "2026-02-12",
        "version": "1.0.0",
      },
      "prerequisites": [],
      "title": "Golden Topic 1",
      "topic": "Golden Topic 1",
      "unit": "Unit 201",
    },
    "request": {
      "lessonId": "1A",
      "section": "Health and Safety 2365 Level 2",
      "topic": "Golden Topic 1",
      "unit": 201,
    },
    "response": {
      "commitHash": "N/A",
      "commitUrl": "N/A",
      "lessonFile": "201-1A.json",
      "quizFile": "201-1AQuestions.ts",
      "refinementMetadata": {
        "details": [],
        "finalScore": 91,
        "originalScore": 89,
        "patchesApplied": 1,
        "wasRefined": true,
      },
      "success": true,
      "warnings": [
        "Git is not configured - auto-commit disabled",
      ],
    },
    "status": 200,
  },
  {
    "lessonJson": {
      "blocks": [],
      "description": "Golden lesson for 201-1B",
      "id": "201-1B",
      "layout": "split-vis",
      "learningOutcomes": [
        "LO-test",
      ],
      "metadata": {
        "author": "golden-test",
        "created": "2026-02-12",
        "generationScore": 92,
        "generationScoreDetails": {
          "finalScore": 92,
          "generatedAt": "<generated-at>",
          "originalScore": 90,
          "source": "phase10-13",
          "wasRefined": true,
        },
        "updated": "2026-02-12",
        "version": "1.0.0",
      },
      "prerequisites": [],
      "title": "Golden Topic 2",
      "topic": "Golden Topic 2",
      "unit": "Unit 201",
    },
    "request": {
      "lessonId": "1B",
      "section": "Health and Safety 2365 Level 2",
      "topic": "Golden Topic 2",
      "unit": 201,
    },
    "response": {
      "commitHash": "N/A",
      "commitUrl": "N/A",
      "lessonFile": "201-1B.json",
      "quizFile": "201-1BQuestions.ts",
      "refinementMetadata": {
        "details": [],
        "finalScore": 92,
        "originalScore": 90,
        "patchesApplied": 1,
        "wasRefined": true,
      },
      "success": true,
      "warnings": [
        "Git is not configured - auto-commit disabled",
      ],
    },
    "status": 200,
  },
  {
    "lessonJson": {
      "blocks": [],
      "description": "Golden lesson for 202-1A",
      "id": "202-1A",
      "layout": "split-vis",
      "learningOutcomes": [
        "LO-test",
      ],
      "metadata": {
        "author": "golden-test",
        "created": "2026-02-12",
        "generationScore": 92,
        "generationScoreDetails": {
          "finalScore": 92,
          "generatedAt": "<generated-at>",
          "originalScore": 90,
          "source": "phase10-13",
          "wasRefined": true,
        },
        "updated": "2026-02-12",
        "version": "1.0.0",
      },
      "prerequisites": [],
      "title": "Golden Topic 3",
      "topic": "Golden Topic 3",
      "unit": "Unit 202",
    },
    "request": {
      "lessonId": "1A",
      "section": "Science 2365 Level 2",
      "topic": "Golden Topic 3",
      "unit": 202,
    },
    "response": {
      "commitHash": "N/A",
      "commitUrl": "N/A",
      "lessonFile": "202-1A.json",
      "quizFile": "202-1AQuestions.ts",
      "refinementMetadata": {
        "details": [],
        "finalScore": 92,
        "originalScore": 90,
        "patchesApplied": 1,
        "wasRefined": true,
      },
      "success": true,
      "warnings": [
        "Git is not configured - auto-commit disabled",
      ],
    },
    "status": 200,
  },
  {
    "lessonJson": {
      "blocks": [],
      "description": "Golden lesson for 202-3A",
      "id": "202-3A",
      "layout": "split-vis",
      "learningOutcomes": [
        "LO-test",
      ],
      "metadata": {
        "author": "golden-test",
        "created": "2026-02-12",
        "generationScore": 94,
        "generationScoreDetails": {
          "finalScore": 94,
          "generatedAt": "<generated-at>",
          "originalScore": 92,
          "source": "phase10-13",
          "wasRefined": true,
        },
        "updated": "2026-02-12",
        "version": "1.0.0",
      },
      "prerequisites": [],
      "title": "Golden Topic 4",
      "topic": "Golden Topic 4",
      "unit": "Unit 202",
    },
    "request": {
      "lessonId": "3A",
      "section": "Science 2365 Level 2",
      "topic": "Golden Topic 4",
      "unit": 202,
    },
    "response": {
      "commitHash": "N/A",
      "commitUrl": "N/A",
      "lessonFile": "202-3A.json",
      "quizFile": "202-3AQuestions.ts",
      "refinementMetadata": {
        "details": [],
        "finalScore": 94,
        "originalScore": 92,
        "patchesApplied": 1,
        "wasRefined": true,
      },
      "success": true,
      "warnings": [
        "Git is not configured - auto-commit disabled",
      ],
    },
    "status": 200,
  },
  {
    "lessonJson": {
      "blocks": [],
      "description": "Golden lesson for 202-5B",
      "id": "202-5B",
      "layout": "split-vis",
      "learningOutcomes": [
        "LO-test",
      ],
      "metadata": {
        "author": "golden-test",
        "created": "2026-02-12",
        "generationScore": 97,
        "generationScoreDetails": {
          "finalScore": 97,
          "generatedAt": "<generated-at>",
          "originalScore": 95,
          "source": "phase10-13",
          "wasRefined": true,
        },
        "updated": "2026-02-12",
        "version": "1.0.0",
      },
      "prerequisites": [],
      "title": "Golden Topic 5",
      "topic": "Golden Topic 5",
      "unit": "Unit 202",
    },
    "request": {
      "lessonId": "5B",
      "section": "Science 2365 Level 2",
      "topic": "Golden Topic 5",
      "unit": 202,
    },
    "response": {
      "commitHash": "N/A",
      "commitUrl": "N/A",
      "lessonFile": "202-5B.json",
      "quizFile": "202-5BQuestions.ts",
      "refinementMetadata": {
        "details": [],
        "finalScore": 97,
        "originalScore": 95,
        "patchesApplied": 1,
        "wasRefined": true,
      },
      "success": true,
      "warnings": [
        "Git is not configured - auto-commit disabled",
      ],
    },
    "status": 200,
  },
  {
    "lessonJson": {
      "blocks": [],
      "description": "Golden lesson for 203-1A",
      "id": "203-1A",
      "layout": "split-vis",
      "learningOutcomes": [
        "LO-test",
      ],
      "metadata": {
        "author": "golden-test",
        "created": "2026-02-12",
        "generationScore": 93,
        "generationScoreDetails": {
          "finalScore": 93,
          "generatedAt": "<generated-at>",
          "originalScore": 91,
          "source": "phase10-13",
          "wasRefined": true,
        },
        "updated": "2026-02-12",
        "version": "1.0.0",
      },
      "prerequisites": [],
      "title": "Golden Topic 6",
      "topic": "Golden Topic 6",
      "unit": "Unit 203",
    },
    "request": {
      "lessonId": "1A",
      "section": "Installation 2365 Level 2",
      "topic": "Golden Topic 6",
      "unit": 203,
    },
    "response": {
      "commitHash": "N/A",
      "commitUrl": "N/A",
      "lessonFile": "203-1A.json",
      "quizFile": "203-1AQuestions.ts",
      "refinementMetadata": {
        "details": [],
        "finalScore": 93,
        "originalScore": 91,
        "patchesApplied": 1,
        "wasRefined": true,
      },
      "success": true,
      "warnings": [
        "Git is not configured - auto-commit disabled",
      ],
    },
    "status": 200,
  },
  {
    "lessonJson": {
      "blocks": [],
      "description": "Golden lesson for 203-2B",
      "id": "203-2B",
      "layout": "split-vis",
      "learningOutcomes": [
        "LO-test",
      ],
      "metadata": {
        "author": "golden-test",
        "created": "2026-02-12",
        "generationScore": 95,
        "generationScoreDetails": {
          "finalScore": 95,
          "generatedAt": "<generated-at>",
          "originalScore": 93,
          "source": "phase10-13",
          "wasRefined": true,
        },
        "updated": "2026-02-12",
        "version": "1.0.0",
      },
      "prerequisites": [],
      "title": "Golden Topic 7",
      "topic": "Golden Topic 7",
      "unit": "Unit 203",
    },
    "request": {
      "lessonId": "2B",
      "section": "Installation 2365 Level 2",
      "topic": "Golden Topic 7",
      "unit": 203,
    },
    "response": {
      "commitHash": "N/A",
      "commitUrl": "N/A",
      "lessonFile": "203-2B.json",
      "quizFile": "203-2BQuestions.ts",
      "refinementMetadata": {
        "details": [],
        "finalScore": 95,
        "originalScore": 93,
        "patchesApplied": 1,
        "wasRefined": true,
      },
      "success": true,
      "warnings": [
        "Git is not configured - auto-commit disabled",
      ],
    },
    "status": 200,
  },
  {
    "lessonJson": {
      "blocks": [],
      "description": "Golden lesson for 204-1A",
      "id": "204-1A",
      "layout": "split-vis",
      "learningOutcomes": [
        "LO-test",
      ],
      "metadata": {
        "author": "golden-test",
        "created": "2026-02-12",
        "generationScore": 94,
        "generationScoreDetails": {
          "finalScore": 94,
          "generatedAt": "<generated-at>",
          "originalScore": 92,
          "source": "phase10-13",
          "wasRefined": true,
        },
        "updated": "2026-02-12",
        "version": "1.0.0",
      },
      "prerequisites": [],
      "title": "Golden Topic 8",
      "topic": "Golden Topic 8",
      "unit": "Unit 204",
    },
    "request": {
      "lessonId": "1A",
      "section": "Wiring Systems 2365 Level 2",
      "topic": "Golden Topic 8",
      "unit": 204,
    },
    "response": {
      "commitHash": "N/A",
      "commitUrl": "N/A",
      "lessonFile": "204-1A.json",
      "quizFile": "204-1AQuestions.ts",
      "refinementMetadata": {
        "details": [],
        "finalScore": 94,
        "originalScore": 92,
        "patchesApplied": 1,
        "wasRefined": true,
      },
      "success": true,
      "warnings": [
        "Git is not configured - auto-commit disabled",
      ],
    },
    "status": 200,
  },
  {
    "lessonJson": {
      "blocks": [],
      "description": "Golden lesson for 204-2A",
      "id": "204-2A",
      "layout": "split-vis",
      "learningOutcomes": [
        "LO-test",
      ],
      "metadata": {
        "author": "golden-test",
        "created": "2026-02-12",
        "generationScore": 95,
        "generationScoreDetails": {
          "finalScore": 95,
          "generatedAt": "<generated-at>",
          "originalScore": 93,
          "source": "phase10-13",
          "wasRefined": true,
        },
        "updated": "2026-02-12",
        "version": "1.0.0",
      },
      "prerequisites": [],
      "title": "Golden Topic 9",
      "topic": "Golden Topic 9",
      "unit": "Unit 204",
    },
    "request": {
      "lessonId": "2A",
      "section": "Wiring Systems 2365 Level 2",
      "topic": "Golden Topic 9",
      "unit": 204,
    },
    "response": {
      "commitHash": "N/A",
      "commitUrl": "N/A",
      "lessonFile": "204-2A.json",
      "quizFile": "204-2AQuestions.ts",
      "refinementMetadata": {
        "details": [],
        "finalScore": 95,
        "originalScore": 93,
        "patchesApplied": 1,
        "wasRefined": true,
      },
      "success": true,
      "warnings": [
        "Git is not configured - auto-commit disabled",
      ],
    },
    "status": 200,
  },
  {
    "lessonJson": {
      "blocks": [],
      "description": "Golden lesson for 210-1A",
      "id": "210-1A",
      "layout": "split-vis",
      "learningOutcomes": [
        "LO-test",
      ],
      "metadata": {
        "author": "golden-test",
        "created": "2026-02-12",
        "generationScore": 88,
        "generationScoreDetails": {
          "finalScore": 88,
          "generatedAt": "<generated-at>",
          "originalScore": 86,
          "source": "phase10-13",
          "wasRefined": true,
        },
        "updated": "2026-02-12",
        "version": "1.0.0",
      },
      "prerequisites": [],
      "title": "Golden Topic 10",
      "topic": "Golden Topic 10",
      "unit": "Unit 210",
    },
    "request": {
      "lessonId": "1A",
      "section": "Communication 2365 Level 2",
      "topic": "Golden Topic 10",
      "unit": 210,
    },
    "response": {
      "commitHash": "N/A",
      "commitUrl": "N/A",
      "lessonFile": "210-1A.json",
      "quizFile": "210-1AQuestions.ts",
      "refinementMetadata": {
        "details": [],
        "finalScore": 88,
        "originalScore": 86,
        "patchesApplied": 1,
        "wasRefined": true,
      },
      "success": true,
      "warnings": [
        "Git is not configured - auto-commit disabled",
        "Lesson score: 88/100 - may need manual review",
      ],
    },
    "status": 200,
  },
  {
    "lessonJson": {
      "blocks": [],
      "description": "Golden lesson for 305-1A",
      "id": "305-1A",
      "layout": "split-vis",
      "learningOutcomes": [
        "LO-test",
      ],
      "metadata": {
        "author": "golden-test",
        "created": "2026-02-12",
        "generationScore": 99,
        "generationScoreDetails": {
          "finalScore": 99,
          "generatedAt": "<generated-at>",
          "originalScore": 97,
          "source": "phase10-13",
          "wasRefined": true,
        },
        "updated": "2026-02-12",
        "version": "1.0.0",
      },
      "prerequisites": [],
      "title": "Golden Topic 11",
      "topic": "Golden Topic 11",
      "unit": "Unit 305",
    },
    "request": {
      "lessonId": "1A",
      "section": "Advanced Safety 2365 Level 3",
      "topic": "Golden Topic 11",
      "unit": 305,
    },
    "response": {
      "commitHash": "N/A",
      "commitUrl": "N/A",
      "lessonFile": "305-1A.json",
      "quizFile": "305-1AQuestions.ts",
      "refinementMetadata": {
        "details": [],
        "finalScore": 99,
        "originalScore": 97,
        "patchesApplied": 1,
        "wasRefined": true,
      },
      "success": true,
      "warnings": [
        "Git is not configured - auto-commit disabled",
      ],
    },
    "status": 200,
  },
  {
    "lessonJson": {
      "blocks": [],
      "description": "Golden lesson for 305-2A",
      "id": "305-2A",
      "layout": "split-vis",
      "learningOutcomes": [
        "LO-test",
      ],
      "metadata": {
        "author": "golden-test",
        "created": "2026-02-12",
        "generationScore": 88,
        "generationScoreDetails": {
          "finalScore": 88,
          "generatedAt": "<generated-at>",
          "originalScore": 86,
          "source": "phase10-13",
          "wasRefined": true,
        },
        "updated": "2026-02-12",
        "version": "1.0.0",
      },
      "prerequisites": [],
      "title": "Golden Topic 12",
      "topic": "Golden Topic 12",
      "unit": "Unit 305",
    },
    "request": {
      "lessonId": "2A",
      "section": "Advanced Safety 2365 Level 3",
      "topic": "Golden Topic 12",
      "unit": 305,
    },
    "response": {
      "commitHash": "N/A",
      "commitUrl": "N/A",
      "lessonFile": "305-2A.json",
      "quizFile": "305-2AQuestions.ts",
      "refinementMetadata": {
        "details": [],
        "finalScore": 88,
        "originalScore": 86,
        "patchesApplied": 1,
        "wasRefined": true,
      },
      "success": true,
      "warnings": [
        "Git is not configured - auto-commit disabled",
        "Lesson score: 88/100 - may need manual review",
      ],
    },
    "status": 200,
  },
]
`;
