// Vitest Snapshot v1, https://vitest.dev/guide/snapshot.html

exports[`lesson mode golden regression > keeps lesson mode API output stable for 12 golden inputs 1`] = `
[
  {
    "lessonJson": undefined,
    "request": {
      "lessonId": "1A",
      "section": "Health and Safety 2365 Level 2",
      "topic": "Golden Topic 1",
      "unit": 201,
    },
    "response": {
      "code": "SYLLABUS_GROUNDING_MISSING",
      "error": "No uploaded syllabus structure found for unit 201. Upload/populate syllabus first.",
      "success": false,
    },
    "status": 400,
  },
  {
    "lessonJson": undefined,
    "request": {
      "lessonId": "1B",
      "section": "Health and Safety 2365 Level 2",
      "topic": "Golden Topic 2",
      "unit": 201,
    },
    "response": {
      "code": "SYLLABUS_GROUNDING_MISSING",
      "error": "No uploaded syllabus structure found for unit 201. Upload/populate syllabus first.",
      "success": false,
    },
    "status": 400,
  },
  {
    "lessonJson": undefined,
    "request": {
      "lessonId": "1A",
      "section": "Science 2365 Level 2",
      "topic": "Golden Topic 3",
      "unit": 202,
    },
    "response": {
      "code": "SYLLABUS_GROUNDING_MISSING",
      "error": "No uploaded syllabus structure found for unit 202. Upload/populate syllabus first.",
      "success": false,
    },
    "status": 400,
  },
  {
    "lessonJson": undefined,
    "request": {
      "lessonId": "3A",
      "section": "Science 2365 Level 2",
      "topic": "Golden Topic 4",
      "unit": 202,
    },
    "response": {
      "code": "SYLLABUS_GROUNDING_MISSING",
      "error": "No uploaded syllabus structure found for unit 202. Upload/populate syllabus first.",
      "success": false,
    },
    "status": 400,
  },
  {
    "lessonJson": undefined,
    "request": {
      "lessonId": "5B",
      "section": "Science 2365 Level 2",
      "topic": "Golden Topic 5",
      "unit": 202,
    },
    "response": {
      "code": "SYLLABUS_GROUNDING_MISSING",
      "error": "No uploaded syllabus structure found for unit 202. Upload/populate syllabus first.",
      "success": false,
    },
    "status": 400,
  },
  {
    "lessonJson": undefined,
    "request": {
      "lessonId": "1A",
      "section": "Installation 2365 Level 2",
      "topic": "Golden Topic 6",
      "unit": 203,
    },
    "response": {
      "code": "SYLLABUS_GROUNDING_MISSING",
      "error": "No uploaded syllabus structure found for unit 203. Upload/populate syllabus first.",
      "success": false,
    },
    "status": 400,
  },
  {
    "lessonJson": undefined,
    "request": {
      "lessonId": "2B",
      "section": "Installation 2365 Level 2",
      "topic": "Golden Topic 7",
      "unit": 203,
    },
    "response": {
      "code": "SYLLABUS_GROUNDING_MISSING",
      "error": "No uploaded syllabus structure found for unit 203. Upload/populate syllabus first.",
      "success": false,
    },
    "status": 400,
  },
  {
    "lessonJson": undefined,
    "request": {
      "lessonId": "1A",
      "section": "Wiring Systems 2365 Level 2",
      "topic": "Golden Topic 8",
      "unit": 204,
    },
    "response": {
      "code": "SYLLABUS_GROUNDING_MISSING",
      "error": "No uploaded syllabus structure found for unit 204. Upload/populate syllabus first.",
      "success": false,
    },
    "status": 400,
  },
  {
    "lessonJson": undefined,
    "request": {
      "lessonId": "2A",
      "section": "Wiring Systems 2365 Level 2",
      "topic": "Golden Topic 9",
      "unit": 204,
    },
    "response": {
      "code": "SYLLABUS_GROUNDING_MISSING",
      "error": "No uploaded syllabus structure found for unit 204. Upload/populate syllabus first.",
      "success": false,
    },
    "status": 400,
  },
  {
    "lessonJson": undefined,
    "request": {
      "lessonId": "1A",
      "section": "Communication 2365 Level 2",
      "topic": "Golden Topic 10",
      "unit": 210,
    },
    "response": {
      "code": "SYLLABUS_GROUNDING_MISSING",
      "error": "No uploaded syllabus structure found for unit 210. Upload/populate syllabus first.",
      "success": false,
    },
    "status": 400,
  },
  {
    "lessonJson": undefined,
    "request": {
      "lessonId": "1A",
      "section": "Advanced Safety 2365 Level 3",
      "topic": "Golden Topic 11",
      "unit": 305,
    },
    "response": {
      "code": "SYLLABUS_GROUNDING_MISSING",
      "error": "No uploaded syllabus structure found for unit 305. Upload/populate syllabus first.",
      "success": false,
    },
    "status": 400,
  },
  {
    "lessonJson": undefined,
    "request": {
      "lessonId": "2A",
      "section": "Advanced Safety 2365 Level 3",
      "topic": "Golden Topic 12",
      "unit": 305,
    },
    "response": {
      "code": "SYLLABUS_GROUNDING_MISSING",
      "error": "No uploaded syllabus structure found for unit 305. Upload/populate syllabus first.",
      "success": false,
    },
    "status": 400,
  },
]
`;
